// Jest Snapshot v1, https://goo.gl/fbAQLP

exports[`TextArea field test TextArea renders correct without props 1`] = `
<div
  className="text-area-field-wrapper"
>
  <textarea
    className="input-field input-field--textarea input-field--dark"
    name="test_field"
    onBlur={[Function]}
    onChange={[Function]}
    onFocus={[Function]}
    rows={5}
    value=""
  />
</div>
`;
