// Jest Snapshot v1, https://goo.gl/fbAQLP

exports[`TextArea field should take the name prop 1`] = `
<ReactFinalForm
  onSubmit={[MockFunction]}
  render={[Function]}
>
  <Component
    name="testField"
  >
    <div
      className="text-area-field-wrapper"
    >
      <textarea
        className="input-field input-field--textarea input-field--dark"
        name="testField"
        onBlur={[Function]}
        onChange={[Function]}
        onFocus={[Function]}
        rows={5}
        value=""
      />
    </div>
  </Component>
</ReactFinalForm>
`;
