// Jest Snapshot v1, https://goo.gl/fbAQLP

exports[`AddInstance page AddInstance renders correct without props 1`] = `
<section
  className="content-wrapper"
>
  <h3>
    How to Add an Instance
  </h3>
  <nav
    className="navigation"
  >
    <a
      className="navigation__link"
      href="#"
      onClick={[Function]}
    >
      <i
        aria-hidden="true"
        className="fa fa-pencil"
      />
       
      Add an AWS RDS MySQL or Aurora MySQL Instance
    </a>
    <a
      className="navigation__link"
      href="#"
      onClick={[Function]}
    >
      <i
        aria-hidden="true"
        className="fa fa-pencil"
      />
       
      Add a Remote PostgreSQL Instance
    </a>
    <a
      className="navigation__link"
      href="#"
      onClick={[Function]}
    >
      <i
        aria-hidden="true"
        className="fa fa-pencil"
      />
       
      Add a Remote MySQL Instance
    </a>
    <a
      className="navigation__link"
      href="#"
      onClick={[Function]}
    >
      <i
        aria-hidden="true"
        className="fa fa-pencil"
      />
       
      Add a Remote MongoDB Instance
    </a>
    <a
      className="navigation__link"
      href="#"
      onClick={[Function]}
    >
      <i
        aria-hidden="true"
        className="fa fa-pencil"
      />
       
      Add a Remote ProxySQL Instance
    </a>
  </nav>
</section>
`;
