// Jest Snapshot v1, https://goo.gl/fbAQLP

exports[`Input field:: Input renders without props 1`] = `
<ReactFinalForm
  onSubmit={[MockFunction]}
  render={[Function]}
>
  <Component
    name="testField"
  >
    <div
      className="input-field-wrapper"
      style={Object {}}
    >
      <input
        className="input-field input-field--dark"
        name="testField"
        onBlur={[Function]}
        onChange={[Function]}
        onFocus={[Function]}
        placeholder=""
        style={Object {}}
        type="text"
        value=""
      />
    </div>
  </Component>
</ReactFinalForm>
`;
