// Jest Snapshot v1, https://goo.gl/fbAQLP

exports[`Input field test Input renders correct without props 1`] = `
<div
  className="input-field-wrapper"
  style={Object {}}
>
  <input
    className="input-field input-field--dark"
    onBlur={[Function]}
    onChange={[Function]}
    onFocus={[Function]}
    style={Object {}}
    type="text"
    value=""
  />
</div>
`;

exports[`Input field test Input renders correct without props 2`] = `null`;
