// Jest Snapshot v1, https://goo.gl/fbAQLP

exports[`Settings panel test Settings panel renders correct without props 1`] = `
<div
  id="antd"
>
  <div
    className="app-theme-dark pmm-settings-panel"
  >
    <ReactFinalForm
      onSubmit={[Function]}
      render={[Function]}
    />
  </div>
</div>
`;
