// Jest Snapshot v1, https://goo.gl/fbAQLP

exports[`TimeDistributionChart chart test Renders correct for mysql 1`] = `
Array [
  <h4>
    Query time distribution
  </h4>,
  <svg
    height={30}
    id="query-time-chart"
    width="100%"
  >
    <g
      onClick={[Function]}
    >
      <rect
        height={30}
        style={
          Object {
            "fill": "#be1818",
            "stroke": "black",
            "strokeWidth": "0%",
          }
        }
        width="1.090900149812302%"
        x="0%"
      />
      <text
        dy="0.35em"
        style={
          Object {
            "fill": "white",
            "fontSize": "90%",
          }
        }
        x="1%"
        y="50%"
      >
        Lock Time
        : 
        0.08%
      </text>
      <title>
        Lock Time: 0.08%
      </title>
    </g>
    <g
      onClick={[Function]}
    >
      <rect
        height={30}
        style={
          Object {
            "fill": "gray",
            "stroke": "black",
            "strokeWidth": "0%",
          }
        }
        width="99.10909985018769%"
        x="0.9909001498123021%"
      />
      <text
        dy="0.35em"
        style={
          Object {
            "fill": "white",
            "fontSize": "90%",
          }
        }
        x="1.990900149812302%"
        y="50%"
      >
        Other
        : 
        99.92%
      </text>
      <title>
        Other: 99.92%
      </title>
    </g>
  </svg>,
]
`;
