// Jest Snapshot v1, https://goo.gl/fbAQLP

exports[`Checkbox field test Checkbox renders correct without props 1`] = `
<ContextProvider
  value={
    Object {
      "batch": [Function],
      "blur": [Function],
      "change": [Function],
      "destroyOnUnregister": false,
      "focus": [Function],
      "getFieldState": [Function],
      "getRegisteredFields": [Function],
      "getState": [Function],
      "initialize": [Function],
      "isValidationPaused": [Function],
      "mutators": Object {},
      "pauseValidation": [Function],
      "registerField": [Function],
      "reset": [Function],
      "resetFieldState": [Function],
      "restart": [Function],
      "resumeValidation": [Function],
      "setConfig": [Function],
      "submit": [Function],
      "subscribe": [Function],
    }
  }
>
  <Component
    name="test_field"
  />
</ContextProvider>
`;
