// Jest Snapshot v1, https://goo.gl/fbAQLP

exports[`Password field Password renders without props 1`] = `
<ReactFinalForm
  onSubmit={[MockFunction]}
  render={[Function]}
>
  <Component
    name="test_field"
  >
    <input
      className="input-field input-field--dark"
      name="test_field"
      onBlur={[Function]}
      onChange={[Function]}
      onFocus={[Function]}
      placeholder=""
      required={false}
      type="password"
      value=""
    />
  </Component>
</ReactFinalForm>
`;
