// Jest Snapshot v1, https://goo.gl/fbAQLP

exports[`Toggle field Toggle renders without props 1`] = `
<ReactFinalForm
  onSubmit={[MockFunction]}
  render={[Function]}
>
  <Component
    name="testField"
  >
    <Switch
      checked={false}
      className="toggle-field"
      onChange={[Function]}
    >
      <Wave
        insertExtraNode={true}
      >
        <Switch
          checked={false}
          checkedChildren={null}
          className="toggle-field"
          defaultChecked={false}
          loadingIcon={null}
          onChange={[Function]}
          prefixCls="ant-switch"
          unCheckedChildren={null}
        >
          <button
            aria-checked={false}
            checked={false}
            className="toggle-field ant-switch"
            defaultChecked={false}
            onChange={[Function]}
            onClick={[Function]}
            onKeyDown={[Function]}
            onMouseUp={[Function]}
            role="switch"
            type="button"
          >
            <span
              className="ant-switch-inner"
            />
          </button>
        </Switch>
      </Wave>
    </Switch>
  </Component>
</ReactFinalForm>
`;
