// Jest Snapshot v1, https://goo.gl/fbAQLP

exports[`TimeDistributionChart chart test Renders correct 1`] = `
<Fragment>
  <h
    data={
      Array [
        Object {
          "color": "#BD4848",
          "description": "0.08%",
          "name": "Lock Time",
          "value": 1,
        },
        Object {
          "color": "gray",
          "description": "99.92%",
          "name": "Other",
          "value": 99.91834179149348,
        },
      ]
    }
    fontColor="white"
    height={30}
    id="query-time-chart"
    showTextIn={true}
  />
</Fragment>
`;
