// Jest Snapshot v1, https://goo.gl/fbAQLP

exports[`Checkbox field test Checkbox renders correct without props 1`] = `
<label
  className="checkbox-container checkbox-container--main"
>
  <input
    checked=""
    onBlur={[Function]}
    onChange={[Function]}
    onFocus={[Function]}
    type="checkbox"
    value=""
  />
  <span
    className="checkbox-container__checkmark"
  />
  <span
    className="checkbox-container__label-text"
  />
</label>
`;
