// Jest Snapshot v1, https://goo.gl/fbAQLP

exports[`Polygon chart test Renders correct with right props 1`] = `
<Fragment>
  <div
    className="d3-bar-chart-container"
    data-tip=""
  />
  <ReactTooltip
    arrowColor="#3274d9"
    backgroundColor="#3274d9"
    className="sparkline-tooltip"
    clickable={false}
    insecure={true}
    place="bottom"
    resizeHide={true}
    wrapper="div"
  />
</Fragment>
`;
