// Jest Snapshot v1, https://goo.gl/fbAQLP

exports[`Diagnostics part test Renders correct 1`] = `
Array [
  <div
    className="ant-row"
    style={
      Object {
        "color": "white",
        "marginBottom": "10px",
      }
    }
  >
    <div
      className="ant-col ant-col-24"
      style={Object {}}
    >
      You can download server logs to make the problem detection simpler. Please include this file if you are submitting a bug report.
    </div>
  </div>,
  <div
    className="ant-row"
    style={
      Object {
        "color": "white",
        "marginBottom": "10px",
      }
    }
  >
    <div
      className="ant-col ant-col-12"
      style={
        Object {
          "display": "flex",
          "justifyContent": "flex-start",
          "paddingRight": "20px",
        }
      }
    >
      <a
        className="ant-btn"
        href="/logs.zip"
        onClick={[Function]}
      >
        <i
          aria-label="icon: download"
          className="anticon anticon-download"
        >
          <svg
            aria-hidden="true"
            className=""
            data-icon="download"
            fill="currentColor"
            focusable="false"
            height="1em"
            viewBox="64 64 896 896"
            width="1em"
          >
            <path
              d="M505.7 661a8 8 0 0 0 12.6 0l112-141.7c4.1-5.2.4-12.9-6.3-12.9h-74.1V168c0-4.4-3.6-8-8-8h-60c-4.4 0-8 3.6-8 8v338.3H400c-6.7 0-10.4 7.7-6.3 12.9l112 141.8zM878 626h-60c-4.4 0-8 3.6-8 8v154H214V634c0-4.4-3.6-8-8-8h-60c-4.4 0-8 3.6-8 8v198c0 17.7 14.3 32 32 32h684c17.7 0 32-14.3 32-32V634c0-4.4-3.6-8-8-8z"
            />
          </svg>
        </i>
        <span>
          Download PMM Server Logs
        </span>
      </a>
    </div>
  </div>,
]
`;
