// Jest Snapshot v1, https://goo.gl/fbAQLP

exports[`Diagnostics part Renders diagnostics 1`] = `
<Fragment>
  <Row
    align="middle"
    className="css-ewzwow"
    gutter={0}
  >
    <Col
      span={24}
    >
      You can download server logs to make the problem detection simpler. Please include this file if you are submitting a bug report.
    </Col>
  </Row>
  <Row
    align="middle"
    className="css-ewzwow"
    gutter={0}
  >
    <Col
      className="css-1ocu2xx"
      span={12}
    >
      <Button
        block={false}
        ghost={false}
        href="/logs.zip"
        htmlType="button"
        icon="download"
        loading={false}
      >
        Download PMM Server Logs
      </Button>
    </Col>
  </Row>
</Fragment>
`;
