// Jest Snapshot v1, https://goo.gl/fbAQLP

exports[`Diagnostics part Renders diagnostics 1`] = `
<Fragment>
  <Row
    align="middle"
    gutter={0}
    style={
      Object {
        "color": "white",
        "marginBottom": "10px",
      }
    }
  >
    <Col
      span={24}
    >
      You can download server logs to make the problem detection simpler. Please include this file if you are submitting a bug report.
    </Col>
  </Row>
  <Row
    align="middle"
    gutter={0}
    style={
      Object {
        "color": "white",
        "marginBottom": "10px",
      }
    }
  >
    <Col
      span={12}
      style={
        Object {
          "display": "flex",
          "justifyContent": "flex-start",
          "paddingRight": "20px",
        }
      }
    >
      <Button
        block={false}
        ghost={false}
        href="/logs.zip"
        htmlType="button"
        icon="download"
        loading={false}
      >
        Download PMM Server Logs
      </Button>
    </Col>
  </Row>
</Fragment>
`;
