// Jest Snapshot v1, https://goo.gl/fbAQLP

exports[`Diagnostics:: Renders diagnostics correctly 1`] = `
<div
  className="css-6qeqse"
>
  <div
    className="css-160v2r5"
  >
    Diagnostics
    <Tooltip
      content="You can download server logs to make the problem detection simpler. Please include this file if you are submitting a bug report."
    >
      <div>
        <Icon
          name="info-circle"
        />
      </div>
    </Tooltip>
  </div>
  <LinkButton
    className="css-n3uzy9"
    href="/logs.zip"
    icon="fa fa-download"
  >
    Download PMM Server Logs
  </LinkButton>
</div>
`;
